["(Default) With Logo","No Logo","this is a fancy placeholder logo image","Custom Logo"]