["(Default) Text button","Icon & Text button","Icon button"]