["Functional clickable","(Default) Regular clickable"]