["web dialog Close Button button article","Functional"]