["Label * Label* Required required edit text","TODO: Add a validMessage. Test","Test selected","Test. Fill out this field","TODO: Add a validMessage. Test"]