["Label (Default) Basic edit text","Label","Label Helper Message edit text","Helper Message"]