["link Enabled (Default)/Hover/Pressed","dimmed link Disabled. This item is dimmed"]