["Headline","functional","Close Button button","end of article"]