["Functional radio button, 1 of 3","Functional","(Default) Regular radio button, 2 of 3","(Default) Regular","Expressive radio button, 3 of 3","Expressive"]