["Label Functional pop up button","","Option 1","Option 2","Closing menu Option 2 Label Functional pop up button"]