["(Def) No Visual Aid + unchecked off switch","(Def) No Visual Aid + unchecked","Visual Aid + unchecked off switch","on Visual Aid + unchecked switch","Visual Aid + unchecked"]