["(Def) Enabled off switch","on (Def) Enabled switch","(Def) Enabled","Checked on switch","off Checked switch","Checked","Disabled dimmed off switch. This item is dimmed","dimmed","Disabled"]