["(Default) Static","Interactive Button button","link Interactive Link","Interactive Checkbox unchecked checkbox","checked Interactive Checkbox checkbox","Interactive Checkbox","Interactive Radio 1 radio button, 1 of 2","selected Interactive Radio 1 radio button, 1 of 2","Interactive Radio 1","Interactive Radio 2 radio button, 2 of 2","Interactive Radio 2","Removeable","Remove tag button",""]