["Test 1 selected tab","Test 1","Test 2 tab","selected Test 2 tab","Test 2","Test 3 tab","Test 3","on tab panel","Tab Panel 2"]