["Functional Tooltip button","(Default) Regular Tooltip button"]