["(Default) With Logo No Logo","graphic, this is a fancy placeholder logo","Custom Logo"]