["button, (Default) Text","button, Icon and Text","button, Icon"]