["button. dialog. document. clickable, Close Button, button. dialog. button, Close Button","Functional"]