["link, Imprint","link, Help","DB Header","Functional, navigation landmark, list, with 2 items, link, Functional","unavailable, link, Functional disabled","out of list, button, Search","button, Profile","button, Notification","button, Help"]