["Label, edit, required, Required, blank","T. e. s. t. TODO: Add a valid Message","Test selected","blank. Please fill out this field.. unselected","T. e. s. t. TODO: Add a valid Message"]