["Label, edit, (Default) Basic, blank","Label, edit, Helper Message, Helper Message, blank"]