["link, Enabled (Default) slash Hover slash Pressed","unavailable, link, Disabled"]