["(Default) Regular, menu button, expanded, sub Menu","list, with 2 items, bullet Popover Custom Item 1","bullet Popover Custom Item 2","out of list, button, Popover Custom Item 3","menu button, collapsed, sub Menu, Expressive"]