["check box, not checked, (Def) Enabled","checked","check box, checked, Checked","not checked","check box, unavailable, not checked, Disabled"]