["tab, Test 2","selected","tab, Test 3","Tab Panel 2"]