["(Default) Static","button, Interactive Button","link, Interactive Link","check box, not checked, Interactive Checkbox","checked","radio button, not checked, Interactive Radio 1","checked","radio button, not checked, Interactive Radio 2","Removeable","button, Remove tag",""]