["(Default) Regular, button, Tooltip","Expressive, button, Tooltip"]